Actividad. Curso de Soporte Avanzado en Linux


- Entrar como root, ejecutar

1-Crear un archivo Examen-(Número de la Cédula de Identidad) con los siguientes datos:
-Nombre Completo
-Cédula de Indentidad
-Dirección de correo electrónico
-Institución a la que pertenece

Respuesta:
root@canaima-popular:/home/usuario/control/cursoaslbarcelona/ivandelgado# nano Examen-10153270 
Ivan Edmundo Delgado Zerpa
10153270
ivan.delgado.zerpa@gmail.com
Universidad Nacional Experimental de la Seguridad (UNES)

2- Crear 5 archivos llamados y cambiar permisologia
 -curso1.txt   ---RW-R-X
 -curso2.txt   RWX-W-RW-
 -curso3.txt   --X--X--X
 -curso4.txt   -W--W-RWX
 -curso5.txt   ---RW-R--
Respuesta:
root@canaima-popular:/home/usuario/control/cursoaslbarcelona/ivandelgado# ls -l cu*
----rw-r-x 1 root root 0 ago  1 09:24 curso1.txt
-rwx-w-rw- 1 root root 0 ago  1 09:25 curso2.txt
---x--x--x 1 root root 0 ago  1 09:26 curso3.txt
--w--w-rwx 1 root root 0 ago  1 09:27 curso4.txt
----rw-r-- 1 root root 0 ago  1 09:28 curso5.txt

3-Como puedo visualizar las particiones del disco duro
Respuesta:
root@canaima-popular:/home/usuario/control/cursoaslbarcelona/ivandelgado# df -h
S.ficheros                                             Tamaño Usados  Disp Uso% Montado en
rootfs                                                   100G   2,8G   92G   3% /
udev                                                      10M      0   10M   0% /dev
tmpfs                                                    101M   580K  100M   1% /run
/dev/disk/by-uuid/88e72395-e1fe-4844-ada8-f723c1260aa9   100G   2,8G   92G   3% /
tmpfs                                                    5,0M      0  5,0M   0% /run/lock
tmpfs                                                    681M   228K  680M   1% /run/shm
/dev/sda5                                                 46G   4,1G   40G  10% /home


4-Como matamos un proceso del computador
Respuesta:
Debemos estar como root o un usuario con privilegio de hacer kill a cualquier proceso.
#kill -9 PID
Ejemplo:
root@canaima-popular:/home/usuario/control/cursoaslbarcelona/ivandelgado# kill -9 4049


5-Crear un carpeta llamada libreofficewriter  abrir el libreofficewriter. guardar el proceso en un archivo l.txt

Respuesta:
root@canaima-popular:/home/usuario/control/cursoaslbarcelona/ivandelgado# mkdir libreofficewriter
root@canaima-popular:/home/usuario/control/cursoaslbarcelona/ivandelgado# ps -aux | grep libreoffice        
usuario   4027  0.0  0.2  24044  2776 ?        Sl   09:35   0:00 /usr/lib/libreoffice/program/oosplash --writer
usuario   4049  0.8  6.1 200224 63008 ?        Sl   09:35   0:01 /usr/lib/libreoffice/program/soffice.bin --writer --splash-pipe=5
root      4083  0.0  0.0   3488   728 pts/2    S+   09:38   0:00 grep --color=auto libreoffice

Matar el proceso:
root@canaima-popular:/home/usuario/control/cursoaslbarcelona/ivandelgado# kill -9 4027
root@canaima-popular:/home/usuario/control/cursoaslbarcelona/ivandelgado# kill -9 4049


6-Crear un carpeta llamada procesador
       -guardar la busqueda en archivo llamado procesador.txt del tipo de computadora

Respuesta:

root@canaima-popular:/home/usuario/control/cursoaslbarcelona/ivandelgado# mkdir procesador

root@canaima-popular:/home/usuario/control/cursoaslbarcelona/ivandelgado# cat /proc/cpuinfo > procesador.txt
root@canaima-popular:/home/usuario/control/cursoaslbarcelona/ivandelgado# ls -l proces*
total 4
-rw-r--r-- 1 root root 1556 ago  1 11:38 procesador.txt

7-Como configuras una interfaz de red con dhcp
Respuesta:

root@canaima-popular:/home/usuario/control/cursoaslbarcelona/ivandelgado# nano /etc/network/interfaces

auto lo
iface lo inet loopback

auto eth0
iface eth0 inet dhcp

8-Que sucede cuando ejecutas el
comando: touch registros
Respuesta: 
- Crea un archivo llamado registro

	
9-El comando: more examen

- Despliega el contenido del archivo examen, una pantalla a la vez.

10-crear un carpeta sl
descargar el paquete fuente de sl, modificar el tren 
con su nombre generar un nuevo paquete, e instalarlo


11- crear la carpeta bienvenido
descargar el paquete fuente de canaima-bienvenido-gnome, modificar el inicio 
con su nombre generar un nuevo paquete, e instalarlo

	

12-comando para listar redes inalambricas.
Respuesta:

root@canaima-popular:/home/usuario/control/cursoaslbarcelona/ivandelgado# ifconfig wlan0

wlan0     Link encap:Ethernet  HWaddr b0:48:7a:b3:a6:db  
          inet addr:172.17.1.121  Bcast:172.17.1.255  Mask:255.255.255.0
          inet6 addr: fe80::b248:7aff:feb3:a6db/64 Scope:Link
          UP BROADCAST RUNNING MULTICAST  MTU:1500  Metric:1
          RX packets:144481 errors:0 dropped:0 overruns:0 frame:0
          TX packets:86327 errors:0 dropped:0 overruns:0 carrier:0
          collisions:0 txqueuelen:1000 
          RX bytes:212368664 (202.5 MiB)  TX bytes:7950882 (7.5 MiB)

13- Como agregamos el usuario y gestionamos el cambio de contraseña
Respuesta:
    # adduser usuario
    # passwd usuario
Ejemplo:
root@canaima-popular:/home/usuario/control/cursoaslbarcelona/ivandelgado# adduser examenAñadiendo el usuario `examen' ...
Añadiendo el nuevo grupo `examen' (1001) ...
Añadiendo el nuevo usuario `examen' (1001) con grupo `examen' ...
Creando el directorio personal `/home/examen' ...
Copiando los ficheros desde `/etc/skel' ...
Introduzca la nueva contraseña de UNIX: 
Vuelva a escribir la nueva contraseña de UNIX: 
passwd: contraseña actualizada correctamente
Cambiando la información de usuario para examen
Introduzca el nuevo valor, o pulse INTRO para usar el valor predeterminado
	Nombre completo []: 
	Número de habitación []: 
	Teléfono del trabajo []: 
	Teléfono de casa []: 
	Otro []: 
¿Es correcta la información? [S/n] 
Añadiendo al nuevo usuario `examen' a grupos adicionales ...
Añadiendo al usuario `examen' al grupo `lp' ...
Añadiendo al usuario `examen' al grupo `cdrom' ...
Añadiendo al usuario `examen' al grupo `floppy' ...
Añadiendo al usuario `examen' al grupo `audio' ...
Añadiendo al usuario `examen' al grupo `dip' ...
Añadiendo al usuario `examen' al grupo `dialout' ...
Añadiendo al usuario `examen' al grupo `video' ...
Añadiendo al usuario `examen' al grupo `plugdev' ...
Añadiendo al usuario `examen' al grupo `netdev' ...
Añadiendo al usuario `examen' al grupo `bluetooth' ...
Añadiendo al usuario `examen' al grupo `lpadmin' ...
adduser: El grupo `powerdev' no existe.
Añadiendo al usuario `examen' al grupo `scanner' ...
Añadiendo al usuario `examen' al grupo `users' ...
Añadiendo al usuario `examen' al grupo `fuse' ...

Cambio de password:
root@canaima-popular:/home/usuario/control/cursoaslbarcelona/ivandelgado# passwd examen
Introduzca la nueva contraseña de UNIX: 
Vuelva a escribir la nueva contraseña de UNIX: 
passwd: contraseña actualizada correctamente


14-crear un carpeta canaima-semilla, copiar un sabor desde primera-base
  llamarlo con el nombre de ustedes, editarlo todos los perfil personalizado.
   subir dicha carpeta a github.
   - agregar un txt, con los pasos para ejecutar la creacion de la .iso
     



15- donde se modifican los repositorios en debian, 
   - cuales son los pasos para ejecutar un repositorio nuevo.

     Respuesta:
     15.1.- root# nano /etc/apt/sources.list
     15.2.- root# aptitude update	

16- Las particiones de un disco fisico se nombran mediante el nombre de dispositivo y el
número de partición:

17- Como hago un repositorio con debmirror, comando.
Respuesta:
# debmirror --host=http.us.debian.org --root=debian --cleanup --nosource --progress --ignore-release-gpg --arch=i386 --dist=stable --method=http --section=main,contrib,non-free /home/usu/home/usuario/control/cursoaslbarcelona/ivandelgado/debian


18- Guardar el history en .txt para verificar todo lo anterior fue realizado por ti.
Respuesta:
root@canaima-popular:/home/usuario/control/cursoaslbarcelona/ivandelgado# history > history.txt
 
19- crear un archivo permiso.txt y que los dueños sean root y usuario.
Respuesta:
root@canaima-popular:/home/usuario/control/cursoaslbarcelona/ivandelgado# touch permiso.txt
root@canaima-popular:/home/usuario/control/cursoaslbarcelona/ivandelgado# chown root:usuario permiso.txt
root@canaima-popular:/home/usuario/control/cursoaslbarcelona/ivandelgado# ls -l permiso.txt
-rw-r--r-- 1 root usuario 0 ago  1 10:09 permiso.txt

20- Como matar un procesos usando top.
Respuesta:
root@canaima-popular:/home/usuario/control/cursoaslbarcelona/ivandelgado# top
Se presiona k, y solicita el PID a hacerle kill; en este caso el proceso 3177 que es del explorador cunaguaro


top - 12:34:53 up  4:29,  4 users,  load average: 0,18, 0,21, 0,18
Tasks: 132 total,   2 running, 130 sleeping,   0 stopped,   0 zombie
%Cpu(s):  4,5 us,  0,2 sy,  0,0 ni, 95,3 id,  0,0 wa,  0,0 hi,  0,0 si,  0,0 st
KiB Mem:   1025876 total,   943012 used,    82864 free,    42476 buffers
KiB Swap:  2456880 total,   122888 used,  2333992 free,   543916 cached
pid to signal/kill 3177    

  PID USER      PR  NI  VIRT  RES  SHR S  %CPU %MEM    TIME+  COMMAND                                                                                         
 3177 usuario   20   0  512m 149m  22m R   8,3 14,9  17:47.17 cunaguaro
